[     577ms] [INFO] [OMKARA] Using built-in development fixtures (Firebase not configured in .env): Error: [OMKARA] Firebase not configured. Copy .env.example to .env and fill in your Firebase project values.
    at getApp (http://localhost:5173/@fs/C:/Users/D.Solanki/Music/prompt/shared/firebase/config.ts:39:10)
    at getDb (http://localhost:5173/@fs/C:/Users/D.Solanki/Music/prompt/shared/firebase/config.ts:51:22)
    at siteConfigDoc (http://localhost:5173/@fs/C:/Users/D.Solanki/Music/prompt/shared/firebase/collections.ts:25:13)
    at getSiteConfig (http://localhost:5173/@fs/C:/Users/D.Solanki/Music/prompt/shared/dal/config.ts:14:28)
    at loadStorefrontMenu (http://localhost:5173/@fs/C:/Users/D.Solanki/Music/prompt/shared/dal/menu.ts?t=1787650351479:18:4)
    at http://localhost:5173/src/main.ts?t=1787650865337:71:1 @ http://localhost:5173/@fs/C:/Users/D.Solanki/Music/prompt/shared/dal/menu.ts?t=1787650351479:45
[     719ms] [WARNING] <meta name="apple-mobile-web-app-capable" content="yes"> is deprecated. Please include <meta name="mobile-web-app-capable" content="yes"> @ http://localhost:5173/:0
[   17222ms] [INFO] [OMKARA] Using built-in development fixtures (Firebase not configured in .env): Error: [OMKARA] Firebase not configured. Copy .env.example to .env and fill in your Firebase project values.
    at getApp (http://localhost:5173/@fs/C:/Users/D.Solanki/Music/prompt/shared/firebase/config.ts:39:10)
    at getDb (http://localhost:5173/@fs/C:/Users/D.Solanki/Music/prompt/shared/firebase/config.ts:51:22)
    at siteConfigDoc (http://localhost:5173/@fs/C:/Users/D.Solanki/Music/prompt/shared/firebase/collections.ts:25:13)
    at getSiteConfig (http://localhost:5173/@fs/C:/Users/D.Solanki/Music/prompt/shared/dal/config.ts:14:28)
    at loadStorefrontMenu (http://localhost:5173/@fs/C:/Users/D.Solanki/Music/prompt/shared/dal/menu.ts?t=1787650351479:18:4)
    at http://localhost:5173/src/main.ts?t=1787650865337:71:1 @ http://localhost:5173/@fs/C:/Users/D.Solanki/Music/prompt/shared/dal/menu.ts?t=1787650351479:45
[   17378ms] [WARNING] <meta name="apple-mobile-web-app-capable" content="yes"> is deprecated. Please include <meta name="mobile-web-app-capable" content="yes"> @ http://localhost:5173/about:0
[   26343ms] [INFO] [OMKARA] Using built-in development fixtures (Firebase not configured in .env): Error: [OMKARA] Firebase not configured. Copy .env.example to .env and fill in your Firebase project values.
    at getApp (http://localhost:5173/@fs/C:/Users/D.Solanki/Music/prompt/shared/firebase/config.ts:39:10)
    at getDb (http://localhost:5173/@fs/C:/Users/D.Solanki/Music/prompt/shared/firebase/config.ts:51:22)
    at siteConfigDoc (http://localhost:5173/@fs/C:/Users/D.Solanki/Music/prompt/shared/firebase/collections.ts:25:13)
    at getSiteConfig (http://localhost:5173/@fs/C:/Users/D.Solanki/Music/prompt/shared/dal/config.ts:14:28)
    at loadStorefrontMenu (http://localhost:5173/@fs/C:/Users/D.Solanki/Music/prompt/shared/dal/menu.ts?t=1787650351479:18:4)
    at http://localhost:5173/src/main.ts?t=1787650941457:71:1 @ http://localhost:5173/@fs/C:/Users/D.Solanki/Music/prompt/shared/dal/menu.ts?t=1787650351479:45
[   26387ms] [WARNING] <meta name="apple-mobile-web-app-capable" content="yes"> is deprecated. Please include <meta name="mobile-web-app-capable" content="yes"> @ http://localhost:5173/about:0
